#-----------------------------------------------------------
# Vivado v2018.3 (64-bit)
# SW Build 2405991 on Thu Dec  6 23:38:27 MST 2018
# IP Build 2404404 on Fri Dec  7 01:43:56 MST 2018
# Start of session at: Fri Feb 22 06:19:03 2019
# Process ID: 11792
# Current directory: C:/Users/FoersterGame/Documents/GitHub/ENES247/lab3-ReusableBCDhex7segDisplayCode/8_ReUseable7segDisplay
# Command line: vivado.exe -gui_launcher_event rodinguilauncherevent14024 C:\Users\FoersterGame\Documents\GitHub\ENES247\lab3-ReusableBCDhex7segDisplayCode\8_ReUseable7segDisplay\HexOrBCD7segDisplay.xpr
# Log file: C:/Users/FoersterGame/Documents/GitHub/ENES247/lab3-ReusableBCDhex7segDisplayCode/8_ReUseable7segDisplay/vivado.log
# Journal file: C:/Users/FoersterGame/Documents/GitHub/ENES247/lab3-ReusableBCDhex7segDisplayCode/8_ReUseable7segDisplay\vivado.jou
#-----------------------------------------------------------
start_gui
open_project C:/Users/FoersterGame/Documents/GitHub/ENES247/lab3-ReusableBCDhex7segDisplayCode/8_ReUseable7segDisplay/HexOrBCD7segDisplay.xpr
update_compile_order -fileset sources_1
synth_design -rtl -name rtl_1
close_project
